src/components/CreateOrderForm.tsx(47,9): error TS2322: Type 'Resolver<{ outlet_id: unknown; items: { product_id: unknown; quantity: unknown; }[]; }, any, { outlet_id: number; items: { product_id: number; quantity: number; }[]; }>' is not assignable to type 'Resolver<{ outlet_id: number; items: { product_id: number; quantity: number; }[]; }, any, { outlet_id: number; items: { product_id: number; quantity: number; }[]; }>'.
  Types of parameters 'options' and 'options' are incompatible.
    Type 'ResolverOptions<{ outlet_id: number; items: { product_id: number; quantity: number; }[]; }>' is not assignable to type 'ResolverOptions<{ outlet_id: unknown; items: { product_id: unknown; quantity: unknown; }[]; }>'.
      Types of property 'names' are incompatible.
        Type 'string[] | undefined' is not assignable to type '("outlet_id" | "items")[] | undefined'.
          Type 'string[]' is not assignable to type '("outlet_id" | "items")[]'.
            Type 'string' is not assignable to type '"outlet_id" | "items"'.
src/components/CreateOrderForm.tsx(82,55): error TS2345: Argument of type '(data: { outlet_id: number; items: { product_id: number; quantity: number; }[]; }) => void' is not assignable to parameter of type 'SubmitHandler<TFieldValues>'.
  Types of parameters 'data' and 'data' are incompatible.
    Type 'TFieldValues' is not assignable to type '{ outlet_id: number; items: { product_id: number; quantity: number; }[]; }'.
      Type 'FieldValues' is missing the following properties from type '{ outlet_id: number; items: { product_id: number; quantity: number; }[]; }': outlet_id, items
src/components/CreateOrderForm.tsx(84,29): error TS2322: Type 'Control<{ outlet_id: number; items: { product_id: number; quantity: number; }[]; }, any, TFieldValues>' is not assignable to type 'Control<{ outlet_id: number; items: { product_id: number; quantity: number; }[]; }, any, { outlet_id: number; items: { product_id: number; quantity: number; }[]; }>'.
  The types of '_options.resolver' are incompatible between these types.
    Type 'Resolver<{ outlet_id: number; items: { product_id: number; quantity: number; }[]; }, any, TFieldValues> | undefined' is not assignable to type 'Resolver<{ outlet_id: number; items: { product_id: number; quantity: number; }[]; }, any, { outlet_id: number; items: { product_id: number; quantity: number; }[]; }> | undefined'.
      Type 'Resolver<{ outlet_id: number; items: { product_id: number; quantity: number; }[]; }, any, TFieldValues>' is not assignable to type 'Resolver<{ outlet_id: number; items: { product_id: number; quantity: number; }[]; }, any, { outlet_id: number; items: { product_id: number; quantity: number; }[]; }>'.
        Type 'ResolverResult<{ outlet_id: number; items: { product_id: number; quantity: number; }[]; }, TFieldValues> | Promise<ResolverResult<{ outlet_id: number; items: { product_id: number; quantity: number; }[]; }, TFieldValues>>' is not assignable to type 'ResolverResult<{ outlet_id: number; items: { product_id: number; quantity: number; }[]; }, { outlet_id: number; items: { product_id: number; quantity: number; }[]; }> | Promise<ResolverResult<{ outlet_id: number; items: { ...; }[]; }, { ...; }>>'.
          Type 'ResolverSuccess<TFieldValues>' is not assignable to type 'ResolverResult<{ outlet_id: number; items: { product_id: number; quantity: number; }[]; }, { outlet_id: number; items: { product_id: number; quantity: number; }[]; }> | Promise<ResolverResult<{ outlet_id: number; items: { ...; }[]; }, { ...; }>>'.
            Type 'ResolverSuccess<TFieldValues>' is not assignable to type 'ResolverSuccess<{ outlet_id: number; items: { product_id: number; quantity: number; }[]; }>'.
              Type 'TFieldValues' is not assignable to type '{ outlet_id: number; items: { product_id: number; quantity: number; }[]; }'.
                Type 'FieldValues' is missing the following properties from type '{ outlet_id: number; items: { product_id: number; quantity: number; }[]; }': outlet_id, items
src/components/CreateOrderForm.tsx(116,41): error TS2322: Type 'Control<{ outlet_id: number; items: { product_id: number; quantity: number; }[]; }, any, TFieldValues>' is not assignable to type 'Control<{ outlet_id: number; items: { product_id: number; quantity: number; }[]; }, any, { outlet_id: number; items: { product_id: number; quantity: number; }[]; }>'.
  The types of '_options.resolver' are incompatible between these types.
    Type 'Resolver<{ outlet_id: number; items: { product_id: number; quantity: number; }[]; }, any, TFieldValues> | undefined' is not assignable to type 'Resolver<{ outlet_id: number; items: { product_id: number; quantity: number; }[]; }, any, { outlet_id: number; items: { product_id: number; quantity: number; }[]; }> | undefined'.
      Type 'Resolver<{ outlet_id: number; items: { product_id: number; quantity: number; }[]; }, any, TFieldValues>' is not assignable to type 'Resolver<{ outlet_id: number; items: { product_id: number; quantity: number; }[]; }, any, { outlet_id: number; items: { product_id: number; quantity: number; }[]; }>'.
        Type 'ResolverResult<{ outlet_id: number; items: { product_id: number; quantity: number; }[]; }, TFieldValues> | Promise<ResolverResult<{ outlet_id: number; items: { product_id: number; quantity: number; }[]; }, TFieldValues>>' is not assignable to type 'ResolverResult<{ outlet_id: number; items: { product_id: number; quantity: number; }[]; }, { outlet_id: number; items: { product_id: number; quantity: number; }[]; }> | Promise<ResolverResult<{ outlet_id: number; items: { ...; }[]; }, { ...; }>>'.
          Type 'ResolverSuccess<TFieldValues>' is not assignable to type 'ResolverResult<{ outlet_id: number; items: { product_id: number; quantity: number; }[]; }, { outlet_id: number; items: { product_id: number; quantity: number; }[]; }> | Promise<ResolverResult<{ outlet_id: number; items: { ...; }[]; }, { ...; }>>'.
            Type 'ResolverSuccess<TFieldValues>' is not assignable to type 'ResolverSuccess<{ outlet_id: number; items: { product_id: number; quantity: number; }[]; }>'.
              Type 'TFieldValues' is not assignable to type '{ outlet_id: number; items: { product_id: number; quantity: number; }[]; }'.
                Type 'FieldValues' is missing the following properties from type '{ outlet_id: number; items: { product_id: number; quantity: number; }[]; }': outlet_id, items
src/components/CreateOrderForm.tsx(143,41): error TS2322: Type 'Control<{ outlet_id: number; items: { product_id: number; quantity: number; }[]; }, any, TFieldValues>' is not assignable to type 'Control<{ outlet_id: number; items: { product_id: number; quantity: number; }[]; }, any, { outlet_id: number; items: { product_id: number; quantity: number; }[]; }>'.
  The types of '_options.resolver' are incompatible between these types.
    Type 'Resolver<{ outlet_id: number; items: { product_id: number; quantity: number; }[]; }, any, TFieldValues> | undefined' is not assignable to type 'Resolver<{ outlet_id: number; items: { product_id: number; quantity: number; }[]; }, any, { outlet_id: number; items: { product_id: number; quantity: number; }[]; }> | undefined'.
      Type 'Resolver<{ outlet_id: number; items: { product_id: number; quantity: number; }[]; }, any, TFieldValues>' is not assignable to type 'Resolver<{ outlet_id: number; items: { product_id: number; quantity: number; }[]; }, any, { outlet_id: number; items: { product_id: number; quantity: number; }[]; }>'.
        Type 'ResolverResult<{ outlet_id: number; items: { product_id: number; quantity: number; }[]; }, TFieldValues> | Promise<ResolverResult<{ outlet_id: number; items: { product_id: number; quantity: number; }[]; }, TFieldValues>>' is not assignable to type 'ResolverResult<{ outlet_id: number; items: { product_id: number; quantity: number; }[]; }, { outlet_id: number; items: { product_id: number; quantity: number; }[]; }> | Promise<ResolverResult<{ outlet_id: number; items: { ...; }[]; }, { ...; }>>'.
          Type 'ResolverSuccess<TFieldValues>' is not assignable to type 'ResolverResult<{ outlet_id: number; items: { product_id: number; quantity: number; }[]; }, { outlet_id: number; items: { product_id: number; quantity: number; }[]; }> | Promise<ResolverResult<{ outlet_id: number; items: { ...; }[]; }, { ...; }>>'.
            Type 'ResolverSuccess<TFieldValues>' is not assignable to type 'ResolverSuccess<{ outlet_id: number; items: { product_id: number; quantity: number; }[]; }>'.
              Type 'TFieldValues' is not assignable to type '{ outlet_id: number; items: { product_id: number; quantity: number; }[]; }'.
                Type 'FieldValues' is missing the following properties from type '{ outlet_id: number; items: { product_id: number; quantity: number; }[]; }': outlet_id, items
